// Jest Snapshot v1, https://goo.gl/fbAQLP

exports[`Testing Opener component with props render opener element component  1`] = `
<OpenerElement
  model={
    Object {
      "label": "Ch",
      "number": "166",
      "title": "Opener element title 1",
    }
  }
>
  <div
    className="opener-element-container"
  >
    <div
      className="input-box-container"
    >
      <div
        className="opener-label-box"
      >
        <div
          className="opener-label-text"
        >
          Label
        </div>
        <div
          className="element-dropdown-title label-content"
          onClick={[Function]}
        >
          Ch
          <span>
            <svg
              className="dropdown-arrow"
              viewBox="0 0 9 4.5"
            >
              <path
                d="M0,0,4.5,4.5,9,0Z"
              />
            </svg>
          </span>
        </div>
      </div>
      <div
        className="opener-label-box"
      >
        <div
          className="opener-number-text"
        >
          Number
        </div>
        <input
          className="element-dropdown-title opener-number"
          maxLength="9"
          onChange={[Function]}
          onKeyPress={[Function]}
          type="text"
          value="166"
        />
      </div>
      <div
        className="opener-label-box"
      >
        <div
          className="opener-title-text"
        >
          Title
        </div>
        <input
          className="element-dropdown-title opener-title"
          onChange={[Function]}
          type="text"
          value="Opener element title 1"
        />
      </div>
    </div>
    <figure
      className="pearson-component opener-image figureData"
    >
      <img
        draggable="false"
        src={
          Object {
            "process": [Function],
          }
        }
      />
    </figure>
  </div>
</OpenerElement>
`;
