// Jest Snapshot v1, https://goo.gl/fbAQLP

exports[`Testing PopUp component Testing Popup with props  1`] = `
<PopUp
  active={true}
  dialogText="Please enter a comment:"
  placeholder="Type..."
  rows="5"
>
  <div>
    <div
      className="modal"
    >
      <div
        className="modal-content"
      >
        <span
          className="close"
          onClick={[Function]}
        >
          ×
        </span>
        <div
          className="dialog-window"
        >
          <p
            className="dialog-text"
          >
            Please enter a comment:
          </p>
        </div>
        <div
          className="dialog-input"
        >
          <textarea
            className="dialog-input-textarea"
            placeholder="Type..."
            rows="5"
            type="text"
          />
        </div>
        <div
          className="dialog-buttons"
        >
          <span
            className="save-button"
          >
            Save
          </span>
          <span
            className="cancel-button"
            id="close-container"
            onClick={[Function]}
          >
            Cancel
          </span>
        </div>
      </div>
    </div>
  </div>
</PopUp>
`;

exports[`Testing PopUp component Testing Popup with props  2`] = `
<PopUp
  active={false}
  dialogText="Please enter a comment:"
  placeholder="Type..."
  rows="5"
>
  <div />
</PopUp>
`;

exports[`Testing PopUp component render PopUp component  1`] = `
<PopUp
  active={true}
  dialogText="Please enter a comment:"
  placeholder="Type..."
  rows="5"
>
  <div>
    <div
      className="modal"
    >
      <div
        className="modal-content"
      >
        <span
          className="close"
          onClick={[Function]}
        >
          ×
        </span>
        <div
          className="dialog-window"
        >
          <p
            className="dialog-text"
          >
            Please enter a comment:
          </p>
        </div>
        <div
          className="dialog-input"
        >
          <textarea
            className="dialog-input-textarea"
            placeholder="Type..."
            rows="5"
            type="text"
          />
        </div>
        <div
          className="dialog-buttons"
        >
          <span
            className="save-button"
          >
            Save
          </span>
          <span
            className="cancel-button"
            id="close-container"
            onClick={[Function]}
          >
            Cancel
          </span>
        </div>
      </div>
    </div>
  </div>
</PopUp>
`;
