// Jest Snapshot v1, https://goo.gl/fbAQLP

exports[`Testing Assessment Slate Data component render Assessment Slate Data component  1`] = `
<AssessmentSlateData>
  <div
    className="AssessmentSlateCanvas"
  >
    <div
      className="slate_initial_selection"
    >
      <div
        className="slate_assessment_type_label"
      >
        Please select an assessment type.
      </div>
      <div
        className="slate_assessment_type_dropdown activeDropdown"
        onClick={[Function]}
      >
        <span
          className="slate_assessment_dropdown_label"
        >
          Select
        </span>
        <span
          className="slate_assessment_dropdown_image"
        />
        <div
          className="clr"
        />
      </div>
      <ul
        className="slate_assessment_type_dropdown_options notselect"
      >
        <li
          className="slate_assessment_dropdown_name"
          key="0"
          onClick={[Function]}
        >
          Full Assessment CITE
        </li>
        <li
          className="slate_assessment_dropdown_name"
          key="1"
          onClick={[Function]}
        >
          Full Assessment TDX
        </li>
        <li
          className="slate_assessment_dropdown_name"
          key="2"
          onClick={[Function]}
        >
          Full Assessment PUF
        </li>
        <li
          className="slate_assessment_dropdown_name"
          key="3"
          onClick={[Function]}
        >
          Learning App Type
        </li>
      </ul>
      <div
        className="slate_assessment_disabled_button"
      >
        Add assessment
      </div>
      <div
        className="clr"
      />
    </div>
  </div>
</AssessmentSlateData>
`;
