// Jest Snapshot v1, https://goo.gl/fbAQLP

exports[`Test for Sidebar component Render element container  1`] = `
<Sidebar
  elementType="element-authoredtext"
>
  <div
    className="canvas-sidebar"
  >
    <div
      className="canvas-sidebar-heading"
    >
      Settings
    </div>
    <div
      className="element-dropdown"
    >
      <div
        className="element-dropdown-title"
        data-element="primary"
        onClick={[Function]}
      >
        Paragraph
        <svg
          className="dropdown-arrow"
          viewBox="0 0 9 4.5"
        >
          <path
            d="M0,0,4.5,4.5,9,0Z"
          />
        </svg>
      </div>
      <ul
        className="element-dropdown-content primary-options "
      >
        <li
          data-value="primary-paragraph"
          key="primary-paragraph"
          onClick={[Function]}
        >
          Paragraph
        </li>
        <li
          data-value="primary-heading"
          key="primary-heading"
          onClick={[Function]}
        >
          Headings
        </li>
        <li
          data-value="primary-learning-objective"
          key="primary-learning-objective"
          onClick={[Function]}
        >
          Learning Objective Item
        </li>
        <li
          data-value="primary-blockquote"
          key="primary-blockquote"
          onClick={[Function]}
        >
          Blockquotes
        </li>
        <li
          data-value="primary-list"
          key="primary-list"
          onClick={[Function]}
        >
          List
        </li>
      </ul>
    </div>
  </div>
</Sidebar>
`;
